// Jest Snapshot v1, https://goo.gl/fbAQLP

exports[`List renders 1`] = `
<Connect(List)>
  <List
    cats={
      Array [
        Object {
          "fullname": "mike",
          "id": 1,
          "position": "cat",
        },
        Object {
          "fullname": "mike",
          "id": 2,
          "position": "cat",
        },
        Object {
          "fullname": "mike",
          "id": 3,
          "position": "cat",
        },
        Object {
          "fullname": "mike",
          "id": 4,
          "position": "cat",
        },
      ]
    }
    feedCat={[Function]}
    hugCat={[Function]}
    washCat={[Function]}
  >
    <CatTable
      cats={
        Array [
          Object {
            "fullname": "mike",
            "id": 1,
            "position": "cat",
          },
          Object {
            "fullname": "mike",
            "id": 2,
            "position": "cat",
          },
          Object {
            "fullname": "mike",
            "id": 3,
            "position": "cat",
          },
          Object {
            "fullname": "mike",
            "id": 4,
            "position": "cat",
          },
        ]
      }
    >
      <div
        className="table"
      >
        <div
          className="table-row"
        >
          <div
            className="table-head table-row-item"
          >
            Ім'я
          </div>
          <div
            className="table-head table-row-item"
          >
            Вік
          </div>
          <div
            className="table-head table-row-item"
          >
            Колір
          </div>
          <div
            className="table-head table-row-item"
          >
            Покормити
          </div>
          <div
            className="table-head table-row-item"
          >
            Погладити a cat
          </div>
          <div
            className="table-head table-row-item"
          >
            Покупати
          </div>
        </div>
        <ListItem
          cat={
            Object {
              "fullname": "mike",
              "id": 1,
              "position": "cat",
            }
          }
          key="1"
        >
          <div
            className="table-row"
          >
            <div
              className="table-row-item"
            >
              <Link
                replace={false}
                to="/cat/1"
              >
                <a
                  href="/cat/1"
                  onClick={[Function]}
                />
              </Link>
            </div>
            <div
              className="table-row-item"
            >
              -
            </div>
            <div
              className="table-row-item"
            >
              -
            </div>
            <Connect(CatManipulationPanel)
              cat={
                Object {
                  "fullname": "mike",
                  "id": 1,
                  "position": "cat",
                }
              }
            >
              <CatManipulationPanel
                cat={
                  Object {
                    "fullname": "mike",
                    "id": 1,
                    "position": "cat",
                  }
                }
                feedCat={[Function]}
                hugCat={[Function]}
                washCat={[Function]}
              >
                <div
                  className="table-row-item manipulation"
                  id="feeding"
                  onClick={[Function]}
                >
                  <button
                    className="btn-action"
                    id="feeding-btn"
                  >
                    Feed cat
                  </button>
                </div>
                <div
                  className="table-row-item manipulation"
                  id="hugging"
                  onClick={[Function]}
                >
                  <button
                    className="btn-action"
                  >
                    Hug cat
                  </button>
                </div>
                <div
                  className="table-row-item manipulation"
                  id="washing"
                  onClick={[Function]}
                >
                  <button
                    className="btn-action"
                  >
                    Wash cat
                  </button>
                </div>
              </CatManipulationPanel>
            </Connect(CatManipulationPanel)>
          </div>
        </ListItem>
        <ListItem
          cat={
            Object {
              "fullname": "mike",
              "id": 2,
              "position": "cat",
            }
          }
          key="2"
        >
          <div
            className="table-row"
          >
            <div
              className="table-row-item"
            >
              <Link
                replace={false}
                to="/cat/2"
              >
                <a
                  href="/cat/2"
                  onClick={[Function]}
                />
              </Link>
            </div>
            <div
              className="table-row-item"
            >
              -
            </div>
            <div
              className="table-row-item"
            >
              -
            </div>
            <Connect(CatManipulationPanel)
              cat={
                Object {
                  "fullname": "mike",
                  "id": 2,
                  "position": "cat",
                }
              }
            >
              <CatManipulationPanel
                cat={
                  Object {
                    "fullname": "mike",
                    "id": 2,
                    "position": "cat",
                  }
                }
                feedCat={[Function]}
                hugCat={[Function]}
                washCat={[Function]}
              >
                <div
                  className="table-row-item manipulation"
                  id="feeding"
                  onClick={[Function]}
                >
                  <button
                    className="btn-action"
                    id="feeding-btn"
                  >
                    Feed cat
                  </button>
                </div>
                <div
                  className="table-row-item manipulation"
                  id="hugging"
                  onClick={[Function]}
                >
                  <button
                    className="btn-action"
                  >
                    Hug cat
                  </button>
                </div>
                <div
                  className="table-row-item manipulation"
                  id="washing"
                  onClick={[Function]}
                >
                  <button
                    className="btn-action"
                  >
                    Wash cat
                  </button>
                </div>
              </CatManipulationPanel>
            </Connect(CatManipulationPanel)>
          </div>
        </ListItem>
        <ListItem
          cat={
            Object {
              "fullname": "mike",
              "id": 3,
              "position": "cat",
            }
          }
          key="3"
        >
          <div
            className="table-row"
          >
            <div
              className="table-row-item"
            >
              <Link
                replace={false}
                to="/cat/3"
              >
                <a
                  href="/cat/3"
                  onClick={[Function]}
                />
              </Link>
            </div>
            <div
              className="table-row-item"
            >
              -
            </div>
            <div
              className="table-row-item"
            >
              -
            </div>
            <Connect(CatManipulationPanel)
              cat={
                Object {
                  "fullname": "mike",
                  "id": 3,
                  "position": "cat",
                }
              }
            >
              <CatManipulationPanel
                cat={
                  Object {
                    "fullname": "mike",
                    "id": 3,
                    "position": "cat",
                  }
                }
                feedCat={[Function]}
                hugCat={[Function]}
                washCat={[Function]}
              >
                <div
                  className="table-row-item manipulation"
                  id="feeding"
                  onClick={[Function]}
                >
                  <button
                    className="btn-action"
                    id="feeding-btn"
                  >
                    Feed cat
                  </button>
                </div>
                <div
                  className="table-row-item manipulation"
                  id="hugging"
                  onClick={[Function]}
                >
                  <button
                    className="btn-action"
                  >
                    Hug cat
                  </button>
                </div>
                <div
                  className="table-row-item manipulation"
                  id="washing"
                  onClick={[Function]}
                >
                  <button
                    className="btn-action"
                  >
                    Wash cat
                  </button>
                </div>
              </CatManipulationPanel>
            </Connect(CatManipulationPanel)>
          </div>
        </ListItem>
        <ListItem
          cat={
            Object {
              "fullname": "mike",
              "id": 4,
              "position": "cat",
            }
          }
          key="4"
        >
          <div
            className="table-row"
          >
            <div
              className="table-row-item"
            >
              <Link
                replace={false}
                to="/cat/4"
              >
                <a
                  href="/cat/4"
                  onClick={[Function]}
                />
              </Link>
            </div>
            <div
              className="table-row-item"
            >
              -
            </div>
            <div
              className="table-row-item"
            >
              -
            </div>
            <Connect(CatManipulationPanel)
              cat={
                Object {
                  "fullname": "mike",
                  "id": 4,
                  "position": "cat",
                }
              }
            >
              <CatManipulationPanel
                cat={
                  Object {
                    "fullname": "mike",
                    "id": 4,
                    "position": "cat",
                  }
                }
                feedCat={[Function]}
                hugCat={[Function]}
                washCat={[Function]}
              >
                <div
                  className="table-row-item manipulation"
                  id="feeding"
                  onClick={[Function]}
                >
                  <button
                    className="btn-action"
                    id="feeding-btn"
                  >
                    Feed cat
                  </button>
                </div>
                <div
                  className="table-row-item manipulation"
                  id="hugging"
                  onClick={[Function]}
                >
                  <button
                    className="btn-action"
                  >
                    Hug cat
                  </button>
                </div>
                <div
                  className="table-row-item manipulation"
                  id="washing"
                  onClick={[Function]}
                >
                  <button
                    className="btn-action"
                  >
                    Wash cat
                  </button>
                </div>
              </CatManipulationPanel>
            </Connect(CatManipulationPanel)>
          </div>
        </ListItem>
      </div>
    </CatTable>
  </List>
</Connect(List)>
`;
