// Jest Snapshot v1, https://goo.gl/fbAQLP

exports[`List renders 1`] = `
<div
  className="table"
>
  <div
    className="table-row"
  >
    <div
      className="table-head table-row-item"
    >
      Name
    </div>
    <div
      className="table-head table-row-item"
    >
      Age
    </div>
    <div
      className="table-head table-row-item"
    >
      Color
    </div>
    <div
      className="table-head table-row-item"
    >
      Feed a cat
    </div>
    <div
      className="table-head table-row-item"
    >
      Hug a cat
    </div>
    <div
      className="table-head table-row-item"
    >
      Wash a cat
    </div>
  </div>
  <div
    className="table-row"
  >
    <div
      className="table-row-item"
    />
    <div
      className="table-row-item"
    >
      -
    </div>
    <div
      className="table-row-item"
    >
      -
    </div>
    <div
      className="table-row-item"
      id="feeding"
      onClick={[Function]}
    >
      <button
        className="btn-action"
      >
        Feed cat
      </button>
    </div>
    <div
      className="table-row-item"
      id="hugging"
      onClick={[Function]}
    >
      <button
        className="btn-action"
      >
        Hug cat
      </button>
    </div>
    <div
      className="table-row-item"
      id="washing"
      onClick={[Function]}
    >
      <button
        className="btn-action"
      >
        Wash cat
      </button>
    </div>
  </div>
  <div
    className="table-row"
  >
    <div
      className="table-row-item"
    />
    <div
      className="table-row-item"
    >
      -
    </div>
    <div
      className="table-row-item"
    >
      -
    </div>
    <div
      className="table-row-item"
      id="feeding"
      onClick={[Function]}
    >
      <button
        className="btn-action"
      >
        Feed cat
      </button>
    </div>
    <div
      className="table-row-item"
      id="hugging"
      onClick={[Function]}
    >
      <button
        className="btn-action"
      >
        Hug cat
      </button>
    </div>
    <div
      className="table-row-item"
      id="washing"
      onClick={[Function]}
    >
      <button
        className="btn-action"
      >
        Wash cat
      </button>
    </div>
  </div>
  <div
    className="table-row"
  >
    <div
      className="table-row-item"
    />
    <div
      className="table-row-item"
    >
      -
    </div>
    <div
      className="table-row-item"
    >
      -
    </div>
    <div
      className="table-row-item"
      id="feeding"
      onClick={[Function]}
    >
      <button
        className="btn-action"
      >
        Feed cat
      </button>
    </div>
    <div
      className="table-row-item"
      id="hugging"
      onClick={[Function]}
    >
      <button
        className="btn-action"
      >
        Hug cat
      </button>
    </div>
    <div
      className="table-row-item"
      id="washing"
      onClick={[Function]}
    >
      <button
        className="btn-action"
      >
        Wash cat
      </button>
    </div>
  </div>
  <div
    className="table-row"
  >
    <div
      className="table-row-item"
    />
    <div
      className="table-row-item"
    >
      -
    </div>
    <div
      className="table-row-item"
    >
      -
    </div>
    <div
      className="table-row-item"
      id="feeding"
      onClick={[Function]}
    >
      <button
        className="btn-action"
      >
        Feed cat
      </button>
    </div>
    <div
      className="table-row-item"
      id="hugging"
      onClick={[Function]}
    >
      <button
        className="btn-action"
      >
        Hug cat
      </button>
    </div>
    <div
      className="table-row-item"
      id="washing"
      onClick={[Function]}
    >
      <button
        className="btn-action"
      >
        Wash cat
      </button>
    </div>
  </div>
</div>
`;
