// Jest Snapshot v1, https://goo.gl/fbAQLP

exports[`DashboardContent renders correctly 1`] = `
<div
  className="d-content"
>
  <Route
    component={[Function]}
    exact={true}
    path="/"
  />
  <Route
    component={[Function]}
    exact={true}
    path="/history"
  />
  <Route
    component={[Function]}
    exact={true}
    path="/add-cat"
  />
  <Route
    component={[Function]}
    exact={true}
    path="/find-home"
  />
  <Route
    component={[Function]}
    exact={true}
    path="/cat/:id"
  />
  <Route
    component={[Function]}
    exact={true}
    path="/gallery"
  />
  <Route
    component={[Function]}
    exact={true}
    path="/500"
  />
</div>
`;
