// Jest Snapshot v1, https://goo.gl/fbAQLP

exports[`FireWorkerForm renders correctly 1`] = `
<form
  className="fireWorkerForm"
  onSubmit={[Function]}
>
  <select
    onChange={[Function]}
  >
    <option
      value=" "
    >
      Choose the meowy
    </option>
  </select>
  <textarea
    placeholder="Describe reason please"
  />
  <button
    id="submit-btn"
    type="submit"
  >
    Find home for the cat
  </button>
</form>
`;
