// Jest Snapshot v1, https://goo.gl/fbAQLP

exports[`ListItem renders without crashing 1`] = `
<div
  className="table-row"
>
  <div
    className="table-row-item"
  >
    <Link
      replace={false}
      to="/cat/undefined"
    />
  </div>
  <div
    className="table-row-item"
  >
    -
  </div>
  <div
    className="table-row-item"
  >
    -
  </div>
  <Connect(CatManipulationPanel)
    cat={Object {}}
  />
</div>
`;
