// Jest Snapshot v1, https://goo.gl/fbAQLP

exports[`FindHomeForm renders correctly 1`] = `
<form
  className="fireWorkerForm"
  onSubmit={[Function]}
>
  <select
    name="id"
    onChange={[Function]}
    required={true}
  >
    <option
      value=" "
    >
      Choose the meowy
    </option>
  </select>
  <Input
    name="address"
    onChange={[Function]}
    placeholder="Location of future home"
    required={true}
    value=""
  />
  <textarea
    name="family"
    onChange={[Function]}
    placeholder="Describe the family please"
    required={true}
  />
  <button
    id="submit-btn"
    type="submit"
  >
    Find home for the cat
  </button>
</form>
`;
