// Jest Snapshot v1, https://goo.gl/fbAQLP

exports[`SidebarMenu render correctly sidebar component 1`] = `
<Sidebar>
  <div
    className="sidebar"
  >
    <Link
      className="heading"
      replace={false}
      to="/"
    >
      <a
        className="heading"
        href="/"
        onClick={[Function]}
      >
        <span
          alt=""
          className="icon"
          style={
            Object {
              "backgroundImage": "url('images/cat.svg",
            }
          }
        />
        Kitty Farm Dashboard
      </a>
    </Link>
    <SidebarMenu>
      <ul>
        <li
          key="Головна"
        >
          <NavLink
            activeClassName="active"
            aria-current="page"
            to="/"
          >
            <Route
              path="\\\\/"
            >
              <Link
                aria-current="page"
                className="active"
                replace={false}
                style={Object {}}
                to="/"
              >
                <a
                  aria-current="page"
                  className="active"
                  href="/"
                  onClick={[Function]}
                  style={Object {}}
                >
                  Головна
                </a>
              </Link>
            </Route>
          </NavLink>
        </li>
        <li
          key="Котики нашли дім"
        >
          <NavLink
            activeClassName="active"
            aria-current="page"
            to="/history"
          >
            <Route
              path="\\\\/history"
            >
              <Link
                aria-current={null}
                replace={false}
                to="/history"
              >
                <a
                  aria-current={null}
                  href="/history"
                  onClick={[Function]}
                >
                  Котики нашли дім
                </a>
              </Link>
            </Route>
          </NavLink>
        </li>
        <li
          key="Регістрація котика"
        >
          <NavLink
            activeClassName="active"
            aria-current="page"
            to="/add-cat"
          >
            <Route
              path="\\\\/add-cat"
            >
              <Link
                aria-current={null}
                replace={false}
                to="/add-cat"
              >
                <a
                  aria-current={null}
                  href="/add-cat"
                  onClick={[Function]}
                >
                  Регістрація котика
                </a>
              </Link>
            </Route>
          </NavLink>
        </li>
        <li
          key="Видача котика"
        >
          <NavLink
            activeClassName="active"
            aria-current="page"
            to="/find-home"
          >
            <Route
              path="\\\\/find-home"
            >
              <Link
                aria-current={null}
                replace={false}
                to="/find-home"
              >
                <a
                  aria-current={null}
                  href="/find-home"
                  onClick={[Function]}
                >
                  Видача котика
                </a>
              </Link>
            </Route>
          </NavLink>
        </li>
        <li
          key="Галерея"
        >
          <NavLink
            activeClassName="active"
            aria-current="page"
            to="/gallery"
          >
            <Route
              path="\\\\/gallery"
            >
              <Link
                aria-current={null}
                replace={false}
                to="/gallery"
              >
                <a
                  aria-current={null}
                  href="/gallery"
                  onClick={[Function]}
                >
                  Галерея
                </a>
              </Link>
            </Route>
          </NavLink>
        </li>
      </ul>
    </SidebarMenu>
  </div>
</Sidebar>
`;
