// Jest Snapshot v1, https://goo.gl/fbAQLP

exports[`AddCatWrapper renders correctly 1`] = `
<AddCatWrapper>
  <AddCatForm
    handleSubmit={[Function]}
  >
    <form
      className="addWorkerForm"
      onSubmit={[Function]}
    >
      <h3>
        Будь ласка, заповніть блан для прийому котика
      </h3>
      <Input
        id="name-input"
        name="name"
        onChange={[Function]}
        placeholder="Ім'я"
        required={true}
        value=""
      >
        <input
          id="name-input"
          name="name"
          onChange={[Function]}
          placeholder="Ім'я"
          required={true}
          value=""
        />
      </Input>
      <Input
        name="age"
        onChange={[Function]}
        placeholder="Вік"
        required={true}
        value=""
      >
        <input
          name="age"
          onChange={[Function]}
          placeholder="Вік"
          required={true}
          value=""
        />
      </Input>
      <Input
        name="color"
        onChange={[Function]}
        placeholder="Колір"
        required={true}
        value=""
      >
        <input
          name="color"
          onChange={[Function]}
          placeholder="Колір"
          required={true}
          value=""
        />
      </Input>
      <textarea
        name="reason"
        onChange={[Function]}
        placeholder="Причина прийому"
        value=""
      />
      <Input
        name="location"
        onChange={[Function]}
        placeholder="Місцезнаходження"
        required={true}
        value=""
      >
        <input
          name="location"
          onChange={[Function]}
          placeholder="Місцезнаходження"
          required={true}
          value=""
        />
      </Input>
      <select
        name="health"
        onChange={[Function]}
        required={true}
        value=""
      >
        <option
          value=""
        >
          Стан здоров'я
        </option>
        <option
          value="Satisfying"
        >
          Satisfying
        </option>
        <option
          value="Minor problems"
        >
          Minor problems
        </option>
        <option
          value="Not satisfying"
        >
          Not satisfying
        </option>
      </select>
      <button
        id="submit-btn"
        type="submit"
      >
        Прийняти котика
      </button>
    </form>
  </AddCatForm>
  <img
    alt=""
    className="cat-bg"
    src="/images/backgrounds/cat-bg-2.png"
  />
</AddCatWrapper>
`;
