// Jest Snapshot v1, https://goo.gl/fbAQLP

exports[`Layout renders correctly 1`] = `
<div
  className="layout"
>
  <div
    className="sidebar"
  >
    <a
      className="heading"
      href="/"
      onClick={[Function]}
    >
      <span
        alt=""
        className="icon"
        style={
          Object {
            "backgroundImage": "url('images/add.svg",
          }
        }
      />
      Kitty Farm Dashboard
    </a>
    <ul>
      <li>
        <a
          aria-current="page"
          className="active"
          href="/"
          onClick={[Function]}
          style={Object {}}
        >
          Home
        </a>
      </li>
      <li>
        <a
          aria-current={null}
          href="/add-cat"
          onClick={[Function]}
        >
          Register a cat
        </a>
      </li>
      <li>
        <a
          aria-current={null}
          href="/find-home"
          onClick={[Function]}
        >
          Issue a cat
        </a>
      </li>
      <li>
        <a
          aria-current={null}
          href="/gallery"
          onClick={[Function]}
        >
          Gallery
        </a>
      </li>
    </ul>
  </div>
  <div
    className="dashboard"
  >
    <div
      className="intro"
    >
      Cats of our farm
    </div>
    <div
      className="d-content"
    >
      <div
        className="loader"
      >
        <img
          alt=""
          src="/images/blue-loader.gif"
        />
      </div>
    </div>
  </div>
</div>
`;
